[INFO] Scanning for projects...
[INFO] 
[INFO] ---------------< com.textile:textile-management-system >----------------
[INFO] Building textile-management-system 1.0.0
[INFO]   from pom.xml
[INFO] --------------------------------[ jar ]---------------------------------
[INFO] 
[INFO] --- clean:3.5.0:clean (default-clean) @ textile-management-system ---
[INFO] Deleting C:\Users\DELL\Desktop\2Y2S\ITP\textile-management-system\target
[INFO] 
[INFO] --- resources:3.3.1:resources (default-resources) @ textile-management-system ---
[INFO] Copying 1 resource from src\main\resources to target\classes
[INFO] Copying 6 resources from src\main\resources to target\classes
[INFO] 
[INFO] --- compiler:3.14.1:compile (default-compile) @ textile-management-system ---
[INFO] Recompiling the module because of changed source code.
[INFO] Compiling 21 source files with javac [debug parameters release 21] to target\classes
[INFO] Annotation processing is enabled because one or more processors were found
  on the class path. A future release of javac may disable annotation processing
  unless at least one processor is specified by name (-processor), or a search
  path is specified (--processor-path, --processor-module-path), or annotation
  processing is enabled explicitly (-proc:only, -proc:full).
  Use -Xlint:-options to suppress this message.
  Use -proc:none to disable annotation processing.
[INFO] /C:/Users/DELL/Desktop/2Y2S/ITP/textile-management-system/src/main/java/com/textile/management/service/JwtService.java: C:\Users\DELL\Desktop\2Y2S\ITP\textile-management-system\src\main\java\com\textile\management\service\JwtService.java uses or overrides a deprecated API.
[INFO] /C:/Users/DELL/Desktop/2Y2S/ITP/textile-management-system/src/main/java/com/textile/management/service/JwtService.java: Recompile with -Xlint:deprecation for details.
[INFO] Some messages have been simplified; recompile with -Xdiags:verbose to get full output
[INFO] -------------------------------------------------------------
[ERROR] COMPILATION ERROR : 
[INFO] -------------------------------------------------------------
[ERROR] /C:/Users/DELL/Desktop/2Y2S/ITP/textile-management-system/src/main/java/com/textile/management/service/JwtService.java:[43,17] cannot find symbol
  symbol:   method verifyWith(javax.crypto.SecretKey)
  location: interface io.jsonwebtoken.JwtParser
[ERROR] /C:/Users/DELL/Desktop/2Y2S/ITP/textile-management-system/src/main/java/com/textile/management/service/JwtService.java:[61,17] cannot find symbol
  symbol:   method claims(java.util.Map<java.lang.String,java.lang.Object>)
  location: interface io.jsonwebtoken.JwtBuilder
[ERROR] /C:/Users/DELL/Desktop/2Y2S/ITP/textile-management-system/src/main/java/com/textile/management/service/UserService.java:[76,47] incompatible types: org.springframework.security.core.Authentication cannot be converted to org.springframework.security.core.userdetails.UserDetails
[INFO] 3 errors 
[INFO] -------------------------------------------------------------
[INFO] ------------------------------------------------------------------------
[INFO] BUILD FAILURE
[INFO] ------------------------------------------------------------------------
[INFO] Total time:  7.764 s
[INFO] Finished at: 2026-03-21T03:18:23+05:30
[INFO] ------------------------------------------------------------------------
[ERROR] Failed to execute goal org.apache.maven.plugins:maven-compiler-plugin:3.14.1:compile (default-compile) on project textile-management-system: Compilation failure: Compilation failure: 
[ERROR] /C:/Users/DELL/Desktop/2Y2S/ITP/textile-management-system/src/main/java/com/textile/management/service/JwtService.java:[43,17] cannot find symbol
[ERROR]   symbol:   method verifyWith(javax.crypto.SecretKey)
[ERROR]   location: interface io.jsonwebtoken.JwtParser
[ERROR] /C:/Users/DELL/Desktop/2Y2S/ITP/textile-management-system/src/main/java/com/textile/management/service/JwtService.java:[61,17] cannot find symbol
[ERROR]   symbol:   method claims(java.util.Map<java.lang.String,java.lang.Object>)
[ERROR]   location: interface io.jsonwebtoken.JwtBuilder
[ERROR] /C:/Users/DELL/Desktop/2Y2S/ITP/textile-management-system/src/main/java/com/textile/management/service/UserService.java:[76,47] incompatible types: org.springframework.security.core.Authentication cannot be converted to org.springframework.security.core.userdetails.UserDetails
[ERROR] -> [Help 1]
[ERROR] 
[ERROR] To see the full stack trace of the errors, re-run Maven with the -e switch.
[ERROR] Re-run Maven using the -X switch to enable full debug logging.
[ERROR] 
[ERROR] For more information about the errors and possible solutions, please read the following articles:
[ERROR] [Help 1] http://cwiki.apache.org/confluence/display/MAVEN/MojoFailureException
